// Jest Snapshot v1, https://goo.gl/fbAQLP

exports[`UserStory renders correctly 1`] = `
<div
  className="container max-w-screen-xl m-auto p-10 max-md:px-5"
>
  <div
    className=""
  >
    <img
      className=" m-auto "
      src="story.jpg"
    />
  </div>
  <div
    className="text-center p-10 max-md:px-0 max-md:py-5"
  >
    <h4
      className="font-normal text-3xl py-5 text-cyan-600"
    >
      about.story.h4
    </h4>
    <div
      className="text-center  "
    >
      <p
        className="text-zinc-400	font-light  sm:text-xl text-base "
      >
        about.story.p
      </p>
    </div>
  </div>
  <div
    className="text-center"
  >
    <button
      className="px-10 py-2.5 bg-cyan-600 text-white font-medium text-l leading-tight rounded-full shadow-md ease-in duration-300 hover:bg-purple-700 hover:shadow-lg hover:scale-110"
      onClick={[Function]}
      type="button"
    >
      Sign Up
    </button>
  </div>
</div>
`;
